Title = This references another This references the today

